Archive member included to satisfy reference by file (symbol)

C:/ST/STM32CubeIDE_1.16.0/STM32CubeIDE/plugins/com.st.stm32cube.ide.mcu.externaltools.gnu-tools-for-stm32.12.3.rel1.win32_1.0.200.202406191623/tools/bin/../lib/gcc/arm-none-eabi/12.3.1/../../../../arm-none-eabi/lib/thumb/v7e-m+fp/hard\libc_nano.a(libc_a-exit.o)
                              C:/ST/STM32CubeIDE_1.16.0/STM32CubeIDE/plugins/com.st.stm32cube.ide.mcu.externaltools.gnu-tools-for-stm32.12.3.rel1.win32_1.0.200.202406191623/tools/bin/../lib/gcc/arm-none-eabi/12.3.1/../../../../arm-none-eabi/lib/thumb/v7e-m+fp/hard/crt0.o (exit)
C:/ST/STM32CubeIDE_1.16.0/STM32CubeIDE/plugins/com.st.stm32cube.ide.mcu.externaltools.gnu-tools-for-stm32.12.3.rel1.win32_1.0.200.202406191623/tools/bin/../lib/gcc/arm-none-eabi/12.3.1/../../../../arm-none-eabi/lib/thumb/v7e-m+fp/hard\libc_nano.a(libc_a-findfp.o)
                              C:/ST/STM32CubeIDE_1.16.0/STM32CubeIDE/plugins/com.st.stm32cube.ide.mcu.externaltools.gnu-tools-for-stm32.12.3.rel1.win32_1.0.200.202406191623/tools/bin/../lib/gcc/arm-none-eabi/12.3.1/../../../../arm-none-eabi/lib/thumb/v7e-m+fp/hard\libc_nano.a(libc_a-exit.o) (__stdio_exit_handler)
C:/ST/STM32CubeIDE_1.16.0/STM32CubeIDE/plugins/com.st.stm32cube.ide.mcu.externaltools.gnu-tools-for-stm32.12.3.rel1.win32_1.0.200.202406191623/tools/bin/../lib/gcc/arm-none-eabi/12.3.1/../../../../arm-none-eabi/lib/thumb/v7e-m+fp/hard\libc_nano.a(libc_a-fwalk.o)
                              C:/ST/STM32CubeIDE_1.16.0/STM32CubeIDE/plugins/com.st.stm32cube.ide.mcu.externaltools.gnu-tools-for-stm32.12.3.rel1.win32_1.0.200.202406191623/tools/bin/../lib/gcc/arm-none-eabi/12.3.1/../../../../arm-none-eabi/lib/thumb/v7e-m+fp/hard\libc_nano.a(libc_a-findfp.o) (_fwalk_sglue)
C:/ST/STM32CubeIDE_1.16.0/STM32CubeIDE/plugins/com.st.stm32cube.ide.mcu.externaltools.gnu-tools-for-stm32.12.3.rel1.win32_1.0.200.202406191623/tools/bin/../lib/gcc/arm-none-eabi/12.3.1/../../../../arm-none-eabi/lib/thumb/v7e-m+fp/hard\libc_nano.a(libc_a-stdio.o)
                              C:/ST/STM32CubeIDE_1.16.0/STM32CubeIDE/plugins/com.st.stm32cube.ide.mcu.externaltools.gnu-tools-for-stm32.12.3.rel1.win32_1.0.200.202406191623/tools/bin/../lib/gcc/arm-none-eabi/12.3.1/../../../../arm-none-eabi/lib/thumb/v7e-m+fp/hard\libc_nano.a(libc_a-findfp.o) (__sread)
C:/ST/STM32CubeIDE_1.16.0/STM32CubeIDE/plugins/com.st.stm32cube.ide.mcu.externaltools.gnu-tools-for-stm32.12.3.rel1.win32_1.0.200.202406191623/tools/bin/../lib/gcc/arm-none-eabi/12.3.1/../../../../arm-none-eabi/lib/thumb/v7e-m+fp/hard\libc_nano.a(libc_a-memset.o)
                              C:/ST/STM32CubeIDE_1.16.0/STM32CubeIDE/plugins/com.st.stm32cube.ide.mcu.externaltools.gnu-tools-for-stm32.12.3.rel1.win32_1.0.200.202406191623/tools/bin/../lib/gcc/arm-none-eabi/12.3.1/../../../../arm-none-eabi/lib/thumb/v7e-m+fp/hard/crt0.o (memset)
C:/ST/STM32CubeIDE_1.16.0/STM32CubeIDE/plugins/com.st.stm32cube.ide.mcu.externaltools.gnu-tools-for-stm32.12.3.rel1.win32_1.0.200.202406191623/tools/bin/../lib/gcc/arm-none-eabi/12.3.1/../../../../arm-none-eabi/lib/thumb/v7e-m+fp/hard\libc_nano.a(libc_a-closer.o)
                              C:/ST/STM32CubeIDE_1.16.0/STM32CubeIDE/plugins/com.st.stm32cube.ide.mcu.externaltools.gnu-tools-for-stm32.12.3.rel1.win32_1.0.200.202406191623/tools/bin/../lib/gcc/arm-none-eabi/12.3.1/../../../../arm-none-eabi/lib/thumb/v7e-m+fp/hard\libc_nano.a(libc_a-stdio.o) (_close_r)
C:/ST/STM32CubeIDE_1.16.0/STM32CubeIDE/plugins/com.st.stm32cube.ide.mcu.externaltools.gnu-tools-for-stm32.12.3.rel1.win32_1.0.200.202406191623/tools/bin/../lib/gcc/arm-none-eabi/12.3.1/../../../../arm-none-eabi/lib/thumb/v7e-m+fp/hard\libc_nano.a(libc_a-reent.o)
                              C:/ST/STM32CubeIDE_1.16.0/STM32CubeIDE/plugins/com.st.stm32cube.ide.mcu.externaltools.gnu-tools-for-stm32.12.3.rel1.win32_1.0.200.202406191623/tools/bin/../lib/gcc/arm-none-eabi/12.3.1/../../../../arm-none-eabi/lib/thumb/v7e-m+fp/hard\libc_nano.a(libc_a-closer.o) (errno)
C:/ST/STM32CubeIDE_1.16.0/STM32CubeIDE/plugins/com.st.stm32cube.ide.mcu.externaltools.gnu-tools-for-stm32.12.3.rel1.win32_1.0.200.202406191623/tools/bin/../lib/gcc/arm-none-eabi/12.3.1/../../../../arm-none-eabi/lib/thumb/v7e-m+fp/hard\libc_nano.a(libc_a-impure.o)
                              C:/ST/STM32CubeIDE_1.16.0/STM32CubeIDE/plugins/com.st.stm32cube.ide.mcu.externaltools.gnu-tools-for-stm32.12.3.rel1.win32_1.0.200.202406191623/tools/bin/../lib/gcc/arm-none-eabi/12.3.1/../../../../arm-none-eabi/lib/thumb/v7e-m+fp/hard\libc_nano.a(libc_a-reent.o) (_impure_ptr)
C:/ST/STM32CubeIDE_1.16.0/STM32CubeIDE/plugins/com.st.stm32cube.ide.mcu.externaltools.gnu-tools-for-stm32.12.3.rel1.win32_1.0.200.202406191623/tools/bin/../lib/gcc/arm-none-eabi/12.3.1/../../../../arm-none-eabi/lib/thumb/v7e-m+fp/hard\libc_nano.a(libc_a-lseekr.o)
[...]
Memory Configuration

Name             Origin             Length             Attributes
RAM              0x20000000         0x00018000         xrw
FLASH            0x08000000         0x00080000         xr
*default*        0x00000000         0xffffffff

Linker script and memory map

LOAD C:/ST/STM32CubeIDE_1.16.0/STM32CubeIDE/plugins/com.st.stm32cube.ide.mcu.externaltools.gnu-tools-for-stm32.12.3.rel1.win32_1.0.200.202406191623/tools/bin/../lib/gcc/arm-none-eabi/12.3.1/thumb/v7e-m+fp/hard/crti.o
LOAD C:/ST/STM32CubeIDE_1.16.0/STM32CubeIDE/plugins/com.st.stm32cube.ide.mcu.externaltools.gnu-tools-for-stm32.12.3.rel1.win32_1.0.200.202406191623/tools/bin/../lib/gcc/arm-none-eabi/12.3.1/thumb/v7e-m+fp/hard/crtbegin.o
LOAD C:/ST/STM32CubeIDE_1.16.0/STM32CubeIDE/plugins/com.st.stm32cube.ide.mcu.externaltools.gnu-tools-for-stm32.12.3.rel1.win32_1.0.200.202406191623/tools/bin/../lib/gcc/arm-none-eabi/12.3.1/../../../../arm-none-eabi/lib/thumb/v7e-m+fp/hard/crt0.o
LOAD ./Core/Src/main.o
LOAD ./Core/Src/rc522.o
LOAD ./Core/Src/stm32f4xx_hal_msp.o
LOAD ./Core/Src/stm32f4xx_it.o
LOAD ./Core/Src/syscalls.o
LOAD ./Core/Src/sysmem.o
LOAD ./Core/Src/system_stm32f4xx.o
LOAD ./Core/Startup/startup_stm32f401retx.o
LOAD ./Drivers/STM32F4xx_HAL_Driver/Src/stm32f4xx_hal.o
LOAD ./Drivers/STM32F4xx_HAL_Driver/Src/stm32f4xx_hal_cortex.o
LOAD ./Drivers/STM32F4xx_HAL_Driver/Src/stm32f4xx_hal_dma.o
LOAD ./Drivers/STM32F4xx_HAL_Driver/Src/stm32f4xx_hal_dma_ex.o
LOAD ./Drivers/STM32F4xx_HAL_Driver/Src/stm32f4xx_hal_exti.o
LOAD ./Drivers/STM32F4xx_HAL_Driver/Src/stm32f4xx_hal_flash.o
LOAD ./Drivers/STM32F4xx_HAL_Driver/Src/stm32f4xx_hal_flash_ex.o
LOAD ./Drivers/STM32F4xx_HAL_Driver/Src/stm32f4xx_hal_flash_ramfunc.o
LOAD ./Drivers/STM32F4xx_HAL_Driver/Src/stm32f4xx_hal_gpio.o
LOAD ./Drivers/STM32F4xx_HAL_Driver/Src/stm32f4xx_hal_pwr.o
LOAD ./Drivers/STM32F4xx_HAL_Driver/Src/stm32f4xx_hal_pwr_ex.o
LOAD ./Drivers/STM32F4xx_HAL_Driver/Src/stm32f4xx_hal_rcc.o
LOAD ./Drivers/STM32F4xx_HAL_Driver/Src/stm32f4xx_hal_rcc_ex.o
LOAD ./Drivers/STM32F4xx_HAL_Driver/Src/stm32f4xx_hal_spi.o
LOAD ./Drivers/STM32F4xx_HAL_Driver/Src/stm32f4xx_hal_tim.o
LOAD ./Drivers/STM32F4xx_HAL_Driver/Src/stm32f4xx_hal_tim_ex.o
LOAD ./Drivers/STM32F4xx_HAL_Driver/Src/stm32f4xx_hal_uart.o
START GROUP
LOAD C:/ST/STM32CubeIDE_1.16.0/STM32CubeIDE/plugins/com.st.stm32cube.ide.mcu.externaltools.gnu-tools-for-stm32.12.3.rel1.win32_1.0.200.202406191623/tools/bin/../lib/gcc/arm-none-eabi/12.3.1/../../../../arm-none-eabi/lib/thumb/v7e-m+fp/hard\libc_nano.a
LOAD C:/ST/STM32CubeIDE_1.16.0/STM32CubeIDE/plugins/com.st.stm32cube.ide.mcu.externaltools.gnu-tools-for-stm32.12.3.rel1.win32_1.0.200.202406191623/tools/bin/../lib/gcc/arm-none-eabi/12.3.1/../../../../arm-none-eabi/lib/thumb/v7e-m+fp/hard\libm.a
END GROUP
START GROUP
LOAD C:/ST/STM32CubeIDE_1.16.0/STM32CubeIDE/plugins/com.st.stm32cube.ide.mcu.externaltools.gnu-tools-for-stm32.12.3.rel1.win32_1.0.200.202406191623/tools/bin/../lib/gcc/arm-none-eabi/12.3.1/thumb/v7e-m+fp/hard\libgcc.a
LOAD C:/ST/STM32CubeIDE_1.16.0/STM32CubeIDE/plugins/com.st.stm32cube.ide.mcu.externaltools.gnu-tools-for-stm32.12.3.rel1.win32_1.0.200.202406191623/tools/bin/../lib/gcc/arm-none-eabi/12.3.1/../../../../arm-none-eabi/lib/thumb/v7e-m+fp/hard\libc_nano.a
END GROUP
START GROUP
LOAD C:/ST/STM32CubeIDE_1.16.0/STM32CubeIDE/plugins/com.st.stm32cube.ide.mcu.externaltools.gnu-tools-for-stm32.12.3.rel1.win32_1.0.200.202406191623/tools/bin/../lib/gcc/arm-none-eabi/12.3.1/thumb/v7e-m+fp/hard\libgcc.a
LOAD C:/ST/STM32CubeIDE_1.16.0/STM32CubeIDE/plugins/com.st.stm32cube.ide.mcu.externaltools.gnu-tools-for-stm32.12.3.rel1.win32_1.0.200.202406191623/tools/bin/../lib/gcc/arm-none-eabi/12.3.1/../../../../arm-none-eabi/lib/thumb/v7e-m+fp/hard\libc_nano.a
LOAD C:/ST/STM32CubeIDE_1.16.0/STM32CubeIDE/plugins/com.st.stm32cube.ide.mcu.externaltools.gnu-tools-for-stm32.12.3.rel1.win32_1.0.200.202406191623/tools/bin/../lib/gcc/arm-none-eabi/12.3.1/../../../../arm-none-eabi/lib/thumb/v7e-m+fp/hard\libnosys.a
END GROUP
START GROUP
LOAD C:/ST/STM32CubeIDE_1.16.0/STM32CubeIDE/plugins/com.st.stm32cube.ide.mcu.externaltools.gnu-tools-for-stm32.12.3.rel1.win32_1.0.200.202406191623/tools/bin/../lib/gcc/arm-none-eabi/12.3.1/thumb/v7e-m+fp/hard\libgcc.a
LOAD C:/ST/STM32CubeIDE_1.16.0/STM32CubeIDE/plugins/com.st.stm32cube.ide.mcu.externaltools.gnu-tools-for-stm32.12.3.rel1.win32_1.0.200.202406191623/tools/bin/../lib/gcc/arm-none-eabi/12.3.1/../../../../arm-none-eabi/lib/thumb/v7e-m+fp/hard\libc_nano.a
LOAD C:/ST/STM32CubeIDE_1.16.0/STM32CubeIDE/plugins/com.st.stm32cube.ide.mcu.externaltools.gnu-tools-for-stm32.12.3.rel1.win32_1.0.200.202406191623/tools/bin/../lib/gcc/arm-none-eabi/12.3.1/../../../../arm-none-eabi/lib/thumb/v7e-m+fp/hard\libnosys.a
END GROUP
LOAD C:/ST/STM32CubeIDE_1.16.0/STM32CubeIDE/plugins/com.st.stm32cube.ide.mcu.externaltools.gnu-tools-for-stm32.12.3.rel1.win32_1.0.200.202406191623/tools/bin/../lib/gcc/arm-none-eabi/12.3.1/thumb/v7e-m+fp/hard/crtend.o
LOAD C:/ST/STM32CubeIDE_1.16.0/STM32CubeIDE/plugins/com.st.stm32cube.ide.mcu.externaltools.gnu-tools-for-stm32.12.3.rel1.win32_1.0.200.202406191623/tools/bin/../lib/gcc/arm-none-eabi/12.3.1/thumb/v7e-m+fp/hard/crtn.o
                0x20018000                        _estack = (ORIGIN (RAM) + LENGTH (RAM))
                0x00000200                        _Min_Heap_Size = 0x200
                0x00000400                        _Min_Stack_Size = 0x400

.isr_vector     0x08000000      0x194
                0x08000000                        . = ALIGN (0x4)
 *(.isr_vector)
 .isr_vector    0x08000000      0x194 ./Core/Startup/startup_stm32f401retx.o
                0x08000000                g_pfnVectors
                0x08000194                        . = ALIGN (0x4)

.text           0x08000194     0x2c14
                0x08000194                        . = ALIGN (0x4)
 *(.text)
 .text          0x08000194       0x40 C:/ST/STM32CubeIDE_1.16.0/STM32CubeIDE/plugins/com.st.stm32cube.ide.mcu.externaltools.gnu-tools-for-stm32.12.3.rel1.win32_1.0.200.202406191623/tools/bin/../lib/gcc/arm-none-eabi/12.3.1/thumb/v7e-m+fp/hard/crtbegin.o
 .text          0x080001d4       0x30 C:/ST/STM32CubeIDE_1.16.0/STM32CubeIDE/plugins/com.st.stm32cube.ide.mcu.externaltools.gnu-tools-for-stm32.12.3.rel1.win32_1.0.200.202406191623/tools/bin/../lib/gcc/arm-none-eabi/12.3.1/thumb/v7e-m+fp/hard\libgcc.a(_aeabi_uldivmod.o)
                0x080001d4                __aeabi_uldivmod
 .text          0x08000204      0x2bc C:/ST/STM32CubeIDE_1.16.0/STM32CubeIDE/plugins/com.st.stm32cube.ide.mcu.externaltools.gnu-tools-for-stm32.12.3.rel1.win32_1.0.200.202406191623/tools/bin/../lib/gcc/arm-none-eabi/12.3.1/thumb/v7e-m+fp/hard\libgcc.a(_udivmoddi4.o)
                0x08000204                __udivmoddi4
 .text          0x080004c0        0x4 C:/ST/STM32CubeIDE_1.16.0/STM32CubeIDE/plugins/com.st.stm32cube.ide.mcu.externaltools.gnu-tools-for-stm32.12.3.rel1.win32_1.0.200.202406191623/tools/bin/../lib/gcc/arm-none-eabi/12.3.1/thumb/v7e-m+fp/hard\libgcc.a(_dvmd_tls.o)
                0x080004c0                __aeabi_idiv0
                0x080004c0                __aeabi_ldiv0
 *(.text*)
 .text.encrypt  0x080004c4       0xe0 ./Core/Src/main.o
                0x080004c4                encrypt
 .text.main     0x080005a4       0xf0 ./Core/Src/main.o
                0x080005a4                main
 .text.SystemClock_Config
                0x08000694       0xd4 ./Core/Src/main.o
                0x08000694                SystemClock_Config
 .text.MX_SPI1_Init
                0x08000768       0x6c ./Core/Src/main.o
 .text.MX_USART1_UART_Init
                0x080007d4       0x54 ./Core/Src/main.o
 .text.MX_GPIO_Init
                0x08000828      0x10c ./Core/Src/main.o
 .text.Error_Handler
                0x08000934        0xc ./Core/Src/main.o
                0x08000934                Error_Handler
 .text.RC522_SPI_Transfer
                0x08000940       0x2c ./Core/Src/rc522.o
                0x08000940                RC522_SPI_Transfer
 .text.Write_MFRC522
                0x0800096c       0x4c ./Core/Src/rc522.o
                0x0800096c                Write_MFRC522
 .text.Read_MFRC522
                0x080009b8       0x50 ./Core/Src/rc522.o
                0x080009b8                Read_MFRC522
 .text.SetBitMask
                0x08000a08       0x36 ./Core/Src/rc522.o
                0x08000a08                SetBitMask
 .text.ClearBitMask
                0x08000a3e       0x40 ./Core/Src/rc522.o
                0x08000a3e                ClearBitMask
 .text.AntennaOn
                0x08000a7e       0x16 ./Core/Src/rc522.o
                0x08000a7e                AntennaOn
 .text.MFRC522_Reset
                0x08000a94       0x10 ./Core/Src/rc522.o
                0x08000a94                MFRC522_Reset
 .text.MFRC522_Init
                0x08000aa4       0x5c ./Core/Src/rc522.o
                0x08000aa4                MFRC522_Init
 .text.MFRC522_ToCard
                0x08000b00      0x192 ./Core/Src/rc522.o
                0x08000b00                MFRC522_ToCard
 .text.MFRC522_Request
                0x08000c92       0x4a ./Core/Src/rc522.o
                0x08000c92                MFRC522_Request
 .text.MFRC522_Anticoll
                0x08000cdc       0x7a ./Core/Src/rc522.o
                0x08000cdc                MFRC522_Anticoll
 *fill*         0x08000d56        0x2 
 .text.HAL_MspInit
                0x08000d58       0x50 ./Core/Src/stm32f4xx_hal_msp.o
                0x08000d58                HAL_MspInit
 .text.HAL_SPI_MspInit
                0x08000da8       0x90 ./Core/Src/stm32f4xx_hal_msp.o
                0x08000da8                HAL_SPI_MspInit
 .text.HAL_UART_MspInit
                0x08000e38       0x90 ./Core/Src/stm32f4xx_hal_msp.o
                0x08000e38                HAL_UART_MspInit
 .text.NMI_Handler
                0x08000ec8        0x8 ./Core/Src/stm32f4xx_it.o
                0x08000ec8                NMI_Handler
 .text.HardFault_Handler
                0x08000ed0        0x8 ./Core/Src/stm32f4xx_it.o
                0x08000ed0                HardFault_Handler
 .text.MemManage_Handler
                0x08000ed8        0x8 ./Core/Src/stm32f4xx_it.o
                0x08000ed8                MemManage_Handler
 .text.BusFault_Handler
                0x08000ee0        0x8 ./Core/Src/stm32f4xx_it.o
                0x08000ee0                BusFault_Handler
 .text.UsageFault_Handler
                0x08000ee8        0x8 ./Core/Src/stm32f4xx_it.o
                0x08000ee8                UsageFault_Handler
 .text.SVC_Handler
                0x08000ef0        0xe ./Core/Src/stm32f4xx_it.o
                0x08000ef0                SVC_Handler
 .text.DebugMon_Handler
                0x08000efe        0xe ./Core/Src/stm32f4xx_it.o
                0x08000efe                DebugMon_Handler
 .text.PendSV_Handler
                0x08000f0c        0xe ./Core/Src/stm32f4xx_it.o
                0x08000f0c                PendSV_Handler
 .text.SysTick_Handler
                0x08000f1a        0xc ./Core/Src/stm32f4xx_it.o
                0x08000f1a                SysTick_Handler
 *fill*         0x08000f26        0x2 
 .text.SystemInit
                0x08000f28       0x24 ./Core/Src/system_stm32f4xx.o
                0x08000f28                SystemInit
 .text.Reset_Handler
                0x08000f4c       0x50 ./Core/Startup/startup_stm32f401retx.o
                0x08000f4c                Reset_Handler
 .text.Default_Handler
                0x08000f9c        0x2 ./Core/Startup/startup_stm32f401retx.o
                0x08000f9c                RTC_Alarm_IRQHandler
                0x08000f9c                EXTI2_IRQHandler
                0x08000f9c                SPI4_IRQHandler
                0x08000f9c                TIM1_CC_IRQHandler
                0x08000f9c                DMA2_Stream5_IRQHandler
                0x08000f9c                DMA1_Stream5_IRQHandler
                0x08000f9c                PVD_IRQHandler
                0x08000f9c                SDIO_IRQHandler
                0x08000f9c                TAMP_STAMP_IRQHandler
                0x08000f9c                EXTI3_IRQHandler
                0x08000f9c                TIM1_UP_TIM10_IRQHandler
                0x08000f9c                I2C3_ER_IRQHandler
                0x08000f9c                EXTI0_IRQHandler
                0x08000f9c                I2C2_EV_IRQHandler
                0x08000f9c                DMA1_Stream2_IRQHandler
                0x08000f9c                FPU_IRQHandler
                0x08000f9c                DMA2_Stream2_IRQHandler
                0x08000f9c                SPI1_IRQHandler
                0x08000f9c                TIM1_BRK_TIM9_IRQHandler
                0x08000f9c                DMA2_Stream3_IRQHandler
                0x08000f9c                USART6_IRQHandler
                0x08000f9c                DMA2_Stream0_IRQHandler
                0x08000f9c                TIM4_IRQHandler
                0x08000f9c                I2C1_EV_IRQHandler
                0x08000f9c                DMA1_Stream6_IRQHandler
                0x08000f9c                DMA1_Stream1_IRQHandler
                0x08000f9c                TIM3_IRQHandler
                0x08000f9c                RCC_IRQHandler
                0x08000f9c                Default_Handler
                0x08000f9c                EXTI15_10_IRQHandler
                0x08000f9c                ADC_IRQHandler
                0x08000f9c                DMA1_Stream7_IRQHandler
                0x08000f9c                TIM5_IRQHandler
                0x08000f9c                DMA2_Stream7_IRQHandler
                0x08000f9c                I2C3_EV_IRQHandler
                0x08000f9c                EXTI9_5_IRQHandler
                0x08000f9c                RTC_WKUP_IRQHandler
                0x08000f9c                SPI2_IRQHandler
                0x08000f9c                DMA1_Stream0_IRQHandler
                0x08000f9c                EXTI4_IRQHandler
                0x08000f9c                WWDG_IRQHandler
                0x08000f9c                TIM2_IRQHandler
                0x08000f9c                OTG_FS_WKUP_IRQHandler
                0x08000f9c                TIM1_TRG_COM_TIM11_IRQHandler
                0x08000f9c                EXTI1_IRQHandler
                0x08000f9c                USART2_IRQHandler
                0x08000f9c                I2C2_ER_IRQHandler
                0x08000f9c                DMA2_Stream1_IRQHandler
                0x08000f9c                FLASH_IRQHandler
                0x08000f9c                DMA2_Stream4_IRQHandler
                0x08000f9c                USART1_IRQHandler
                0x08000f9c                OTG_FS_IRQHandler
                0x08000f9c                SPI3_IRQHandler
                0x08000f9c                DMA1_Stream4_IRQHandler
                0x08000f9c                I2C1_ER_IRQHandler
                0x08000f9c                DMA2_Stream6_IRQHandler
                0x08000f9c                DMA1_Stream3_IRQHandler
 *fill*         0x08000f9e        0x2 
 .text.HAL_Init
                0x08000fa0       0x44 ./Drivers/STM32F4xx_HAL_Driver/Src/stm32f4xx_hal.o
                0x08000fa0                HAL_Init
 .text.HAL_InitTick
                0x08000fe4       0x60 ./Drivers/STM32F4xx_HAL_Driver/Src/stm32f4xx_hal.o
                0x08000fe4                HAL_InitTick
 .text.HAL_IncTick
                0x08001044       0x28 ./Drivers/STM32F4xx_HAL_Driver/Src/stm32f4xx_hal.o
                0x08001044                HAL_IncTick
 .text.HAL_GetTick
                0x0800106c       0x18 ./Drivers/STM32F4xx_HAL_Driver/Src/stm32f4xx_hal.o
                0x0800106c                HAL_GetTick
 .text.HAL_Delay
                0x08001084       0x48 ./Drivers/STM32F4xx_HAL_Driver/Src/stm32f4xx_hal.o
                0x08001084                HAL_Delay
 .text.__NVIC_SetPriorityGrouping
                0x080010cc       0x48 ./Drivers/STM32F4xx_HAL_Driver/Src/stm32f4xx_hal_cortex.o
 .text.__NVIC_GetPriorityGrouping
                0x08001114       0x1c ./Drivers/STM32F4xx_HAL_Driver/Src/stm32f4xx_hal_cortex.o
 .text.__NVIC_SetPriority
                0x08001130       0x54 ./Drivers/STM32F4xx_HAL_Driver/Src/stm32f4xx_hal_cortex.o
 .text.NVIC_EncodePriority
                0x08001184       0x66 ./Drivers/STM32F4xx_HAL_Driver/Src/stm32f4xx_hal_cortex.o
 *fill*         0x080011ea        0x2 
 .text.SysTick_Config
                0x080011ec       0x44 ./Drivers/STM32F4xx_HAL_Driver/Src/stm32f4xx_hal_cortex.o
 .text.HAL_NVIC_SetPriorityGrouping
                0x08001230       0x16 ./Drivers/STM32F4xx_HAL_Driver/Src/stm32f4xx_hal_cortex.o
                0x08001230                HAL_NVIC_SetPriorityGrouping
 .text.HAL_NVIC_SetPriority
                0x08001246       0x38 ./Drivers/STM32F4xx_HAL_Driver/Src/stm32f4xx_hal_cortex.o
                0x08001246                HAL_NVIC_SetPriority
 .text.HAL_SYSTICK_Config
                0x0800127e       0x18 ./Drivers/STM32F4xx_HAL_Driver/Src/stm32f4xx_hal_cortex.o
                0x0800127e                HAL_SYSTICK_Config
 *fill*         0x08001296        0x2 
 .text.HAL_GPIO_Init
                0x08001298      0x308 ./Drivers/STM32F4xx_HAL_Driver/Src/stm32f4xx_hal_gpio.o
                0x08001298                HAL_GPIO_Init
 .text.HAL_GPIO_WritePin
                0x080015a0       0x32 ./Drivers/STM32F4xx_HAL_Driver/Src/stm32f4xx_hal_gpio.o
                0x080015a0                HAL_GPIO_WritePin
 *fill*         0x080015d2        0x2 
 .text.HAL_RCC_OscConfig
                0x080015d4      0x4f0 ./Drivers/STM32F4xx_HAL_Driver/Src/stm32f4xx_hal_rcc.o
                0x080015d4                HAL_RCC_OscConfig
 .text.HAL_RCC_ClockConfig
                0x08001ac4      0x1cc ./Drivers/STM32F4xx_HAL_Driver/Src/stm32f4xx_hal_rcc.o
                0x08001ac4                HAL_RCC_ClockConfig
 .text.HAL_RCC_GetSysClockFreq
                0x08001c90      0x20c ./Drivers/STM32F4xx_HAL_Driver/Src/stm32f4xx_hal_rcc.o
                0x08001c90                HAL_RCC_GetSysClockFreq
 .text.HAL_RCC_GetHCLKFreq
                0x08001e9c       0x18 ./Drivers/STM32F4xx_HAL_Driver/Src/stm32f4xx_hal_rcc.o
                0x08001e9c                HAL_RCC_GetHCLKFreq
 .text.HAL_RCC_GetPCLK1Freq
                0x08001eb4       0x28 ./Drivers/STM32F4xx_HAL_Driver/Src/stm32f4xx_hal_rcc.o
                0x08001eb4                HAL_RCC_GetPCLK1Freq
 .text.HAL_RCC_GetPCLK2Freq
                0x08001edc       0x28 ./Drivers/STM32F4xx_HAL_Driver/Src/stm32f4xx_hal_rcc.o
                0x08001edc                HAL_RCC_GetPCLK2Freq
 .text.HAL_SPI_Init
                0x08001f04      0x112 ./Drivers/STM32F4xx_HAL_Driver/Src/stm32f4xx_hal_spi.o
                0x08001f04                HAL_SPI_Init
 .text.HAL_SPI_TransmitReceive
                0x08002016      0x352 ./Drivers/STM32F4xx_HAL_Driver/Src/stm32f4xx_hal_spi.o
                0x08002016                HAL_SPI_TransmitReceive
 .text.SPI_WaitFlagStateUntilTimeout
                0x08002368      0x110 ./Drivers/STM32F4xx_HAL_Driver/Src/stm32f4xx_hal_spi.o
 .text.SPI_EndRxTxTransaction
                0x08002478       0xa8 ./Drivers/STM32F4xx_HAL_Driver/Src/stm32f4xx_hal_spi.o
 .text.HAL_UART_Init
                0x08002520       0xa0 ./Drivers/STM32F4xx_HAL_Driver/Src/stm32f4xx_hal_uart.o
                0x08002520                HAL_UART_Init
 .text.HAL_UART_Transmit
                0x080025c0      0x116 ./Drivers/STM32F4xx_HAL_Driver/Src/stm32f4xx_hal_uart.o
                0x080025c0                HAL_UART_Transmit
 .text.UART_WaitOnFlagUntilTimeout
                0x080026d6       0xb2 ./Drivers/STM32F4xx_HAL_Driver/Src/stm32f4xx_hal_uart.o
 .text.UART_EndRxTransfer
                0x08002788       0xc6 ./Drivers/STM32F4xx_HAL_Driver/Src/stm32f4xx_hal_uart.o
 *fill*         0x0800284e        0x2 
 .text.UART_SetConfig
                0x08002850      0x4e8 ./Drivers/STM32F4xx_HAL_Driver/Src/stm32f4xx_hal_uart.o
 .text.memset   0x08002d38       0x10 C:/ST/STM32CubeIDE_1.16.0/STM32CubeIDE/plugins/com.st.stm32cube.ide.mcu.externaltools.gnu-tools-for-stm32.12.3.rel1.win32_1.0.200.202406191623/tools/bin/../lib/gcc/arm-none-eabi/12.3.1/../../../../arm-none-eabi/lib/thumb/v7e-m+fp/hard\libc_nano.a(libc_a-memset.o)
                0x08002d38                memset
 .text.__libc_init_array
                0x08002d48       0x48 C:/ST/STM32CubeIDE_1.16.0/STM32CubeIDE/plugins/com.st.stm32cube.ide.mcu.externaltools.gnu-tools-for-stm32.12.3.rel1.win32_1.0.200.202406191623/tools/bin/../lib/gcc/arm-none-eabi/12.3.1/../../../../arm-none-eabi/lib/thumb/v7e-m+fp/hard\libc_nano.a(libc_a-init.o)
                0x08002d48                __libc_init_array
 *(.glue_7)
 .glue_7        0x08002d90        0x0 linker stubs
 *(.glue_7t)
 .glue_7t       0x08002d90        0x0 linker stubs
 *(.eh_frame)
 .eh_frame      0x08002d90        0x0 C:/ST/STM32CubeIDE_1.16.0/STM32CubeIDE/plugins/com.st.stm32cube.ide.mcu.externaltools.gnu-tools-for-stm32.12.3.rel1.win32_1.0.200.202406191623/tools/bin/../lib/gcc/arm-none-eabi/12.3.1/thumb/v7e-m+fp/hard/crtbegin.o
 *(.init)
 .init          0x08002d90        0x4 C:/ST/STM32CubeIDE_1.16.0/STM32CubeIDE/plugins/com.st.stm32cube.ide.mcu.externaltools.gnu-tools-for-stm32.12.3.rel1.win32_1.0.200.202406191623/tools/bin/../lib/gcc/arm-none-eabi/12.3.1/thumb/v7e-m+fp/hard/crti.o
                0x08002d90                _init
 .init          0x08002d94        0x8 C:/ST/STM32CubeIDE_1.16.0/STM32CubeIDE/plugins/com.st.stm32cube.ide.mcu.externaltools.gnu-tools-for-stm32.12.3.rel1.win32_1.0.200.202406191623/tools/bin/../lib/gcc/arm-none-eabi/12.3.1/thumb/v7e-m+fp/hard/crtn.o
 *(.fini)
 .fini          0x08002d9c        0x4 C:/ST/STM32CubeIDE_1.16.0/STM32CubeIDE/plugins/com.st.stm32cube.ide.mcu.externaltools.gnu-tools-for-stm32.12.3.rel1.win32_1.0.200.202406191623/tools/bin/../lib/gcc/arm-none-eabi/12.3.1/thumb/v7e-m+fp/hard/crti.o
                0x08002d9c                _fini
 .fini          0x08002da0        0x8 C:/ST/STM32CubeIDE_1.16.0/STM32CubeIDE/plugins/com.st.stm32cube.ide.mcu.externaltools.gnu-tools-for-stm32.12.3.rel1.win32_1.0.200.202406191623/tools/bin/../lib/gcc/arm-none-eabi/12.3.1/thumb/v7e-m+fp/hard/crtn.o
                0x08002da8                        . = ALIGN (0x4)
                0x08002da8                        _etext = .

.vfp11_veneer   0x08002da8        0x0
 .vfp11_veneer  0x08002da8        0x0 linker stubs

.v4_bx          0x08002da8        0x0
 .v4_bx         0x08002da8        0x0 linker stubs

.iplt           0x08002da8        0x0
 .iplt          0x08002da8        0x0 C:/ST/STM32CubeIDE_1.16.0/STM32CubeIDE/plugins/com.st.stm32cube.ide.mcu.externaltools.gnu-tools-for-stm32.12.3.rel1.win32_1.0.200.202406191623/tools/bin/../lib/gcc/arm-none-eabi/12.3.1/thumb/v7e-m+fp/hard/crtbegin.o

.rodata         0x08002da8       0x18
                0x08002da8                        . = ALIGN (0x4)
 *(.rodata)
 *(.rodata*)
 .rodata.AHBPrescTable
                0x08002da8       0x10 ./Core/Src/system_stm32f4xx.o
                0x08002da8                AHBPrescTable
 .rodata.APBPrescTable
                0x08002db8        0x8 ./Core/Src/system_stm32f4xx.o
                0x08002db8                APBPrescTable
                0x08002dc0                        . = ALIGN (0x4)

.ARM.extab      0x08002dc0        0x0
                0x08002dc0                        . = ALIGN (0x4)
 *(.ARM.extab* .gnu.linkonce.armextab.*)
                0x08002dc0                        . = ALIGN (0x4)

.ARM            0x08002dc0        0x8
                0x08002dc0                        . = ALIGN (0x4)
                0x08002dc0                        __exidx_start = .
 *(.ARM.exidx*)
 .ARM.exidx     0x08002dc0        0x8 C:/ST/STM32CubeIDE_1.16.0/STM32CubeIDE/plugins/com.st.stm32cube.ide.mcu.externaltools.gnu-tools-for-stm32.12.3.rel1.win32_1.0.200.202406191623/tools/bin/../lib/gcc/arm-none-eabi/12.3.1/thumb/v7e-m+fp/hard\libgcc.a(_udivmoddi4.o)
                0x08002dc8                        __exidx_end = .
                0x08002dc8                        . = ALIGN (0x4)

.preinit_array  0x08002dc8        0x0
                0x08002dc8                        . = ALIGN (0x4)
                0x08002dc8                        PROVIDE (__preinit_array_start = .)
 *(.preinit_array*)
                0x08002dc8                        PROVIDE (__preinit_array_end = .)
                0x08002dc8                        . = ALIGN (0x4)

.init_array     0x08002dc8        0x4
                0x08002dc8                        . = ALIGN (0x4)
                0x08002dc8                        PROVIDE (__init_array_start = .)
 *(SORT_BY_NAME(.init_array.*))
 *(.init_array*)
 .init_array    0x08002dc8        0x4 C:/ST/STM32CubeIDE_1.16.0/STM32CubeIDE/plugins/com.st.stm32cube.ide.mcu.externaltools.gnu-tools-for-stm32.12.3.rel1.win32_1.0.200.202406191623/tools/bin/../lib/gcc/arm-none-eabi/12.3.1/thumb/v7e-m+fp/hard/crtbegin.o
                0x08002dcc                        PROVIDE (__init_array_end = .)
                0x08002dcc                        . = ALIGN (0x4)

.fini_array     0x08002dcc        0x4
                0x08002dcc                        . = ALIGN (0x4)
                [!provide]                        PROVIDE (__fini_array_start = .)
 *(SORT_BY_NAME(.fini_array.*))
 *(.fini_array*)
 .fini_array    0x08002dcc        0x4 C:/ST/STM32CubeIDE_1.16.0/STM32CubeIDE/plugins/com.st.stm32cube.ide.mcu.externaltools.gnu-tools-for-stm32.12.3.rel1.win32_1.0.200.202406191623/tools/bin/../lib/gcc/arm-none-eabi/12.3.1/thumb/v7e-m+fp/hard/crtbegin.o
                [!provide]                        PROVIDE (__fini_array_end = .)
                0x08002dd0                        . = ALIGN (0x4)
                0x08002dd0                        _sidata = LOADADDR (.data)

.rel.dyn        0x08002dd0        0x0
 .rel.iplt      0x08002dd0        0x0 C:/ST/STM32CubeIDE_1.16.0/STM32CubeIDE/plugins/com.st.stm32cube.ide.mcu.externaltools.gnu-tools-for-stm32.12.3.rel1.win32_1.0.200.202406191623/tools/bin/../lib/gcc/arm-none-eabi/12.3.1/thumb/v7e-m+fp/hard/crtbegin.o

.data           0x20000000       0x24 load address 0x08002dd0
                0x20000000                        . = ALIGN (0x4)
                0x20000000                        _sdata = .
 *(.data)
 *(.data*)
 .data.key_1    0x20000000        0x5 ./Core/Src/main.o
                0x20000000                key_1
 *fill*         0x20000005        0x3 
 .data.key_2    0x20000008        0x5 ./Core/Src/main.o
                0x20000008                key_2
 *fill*         0x2000000d        0x3 
 .data.key_3    0x20000010        0x5 ./Core/Src/main.o
                0x20000010                key_3
 *fill*         0x20000015        0x3 
 .data.SystemCoreClock
                0x20000018        0x4 ./Core/Src/system_stm32f4xx.o
                0x20000018                SystemCoreClock
 .data.uwTickPrio
                0x2000001c        0x4 ./Drivers/STM32F4xx_HAL_Driver/Src/stm32f4xx_hal.o
                0x2000001c                uwTickPrio
 .data.uwTickFreq
                0x20000020        0x1 ./Drivers/STM32F4xx_HAL_Driver/Src/stm32f4xx_hal.o
                0x20000020                uwTickFreq
 *(.RamFunc)
 *(.RamFunc*)
                0x20000024                        . = ALIGN (0x4)
 *fill*         0x20000021        0x3 
                0x20000024                        _edata = .

.igot.plt       0x20000024        0x0 load address 0x08002df4
 .igot.plt      0x20000024        0x0 C:/ST/STM32CubeIDE_1.16.0/STM32CubeIDE/plugins/com.st.stm32cube.ide.mcu.externaltools.gnu-tools-for-stm32.12.3.rel1.win32_1.0.200.202406191623/tools/bin/../lib/gcc/arm-none-eabi/12.3.1/thumb/v7e-m+fp/hard/crtbegin.o
                0x20000024                        . = ALIGN (0x4)

.bss            0x20000024       0xec load address 0x08002df4
                0x20000024                        _sbss = .
                0x20000024                        __bss_start__ = _sbss
 *(.bss)
 .bss           0x20000024       0x1c C:/ST/STM32CubeIDE_1.16.0/STM32CubeIDE/plugins/com.st.stm32cube.ide.mcu.externaltools.gnu-tools-for-stm32.12.3.rel1.win32_1.0.200.202406191623/tools/bin/../lib/gcc/arm-none-eabi/12.3.1/thumb/v7e-m+fp/hard/crtbegin.o
 *(.bss*)
 .bss.hspi1     0x20000040       0x58 ./Core/Src/main.o
                0x20000040                hspi1
 .bss.huart1    0x20000098       0x48 ./Core/Src/main.o
                0x20000098                huart1
 .bss.status    0x200000e0        0x1 ./Core/Src/main.o
                0x200000e0                status
 *fill*         0x200000e1        0x3 
 .bss.str       0x200000e4       0x10 ./Core/Src/main.o
                0x200000e4                str
 .bss.sNum      0x200000f4        0x5 ./Core/Src/main.o
                0x200000f4                sNum
 *fill*         0x200000f9        0x3 
 .bss.sComp     0x200000fc        0x5 ./Core/Src/main.o
                0x200000fc                sComp
 *fill*         0x20000101        0x3 
 .bss.transmit  0x20000104        0x5 ./Core/Src/main.o
                0x20000104                transmit
 *fill*         0x20000109        0x3 
 .bss.uwTick    0x2000010c        0x4 ./Drivers/STM32F4xx_HAL_Driver/Src/stm32f4xx_hal.o
                0x2000010c                uwTick
 *(COMMON)
                0x20000110                        . = ALIGN (0x4)
                0x20000110                        _ebss = .
                0x20000110                        __bss_end__ = _ebss

._user_heap_stack
                0x20000110      0x600 load address 0x08002df4
                0x20000110                        . = ALIGN (0x8)
                [!provide]                        PROVIDE (end = .)
                0x20000110                        PROVIDE (_end = .)
                0x20000310                        . = (. + _Min_Heap_Size)
 *fill*         0x20000110      0x200 
                0x20000710                        . = (. + _Min_Stack_Size)
 *fill*         0x20000310      0x400 
                0x20000710                        . = ALIGN (0x8)

/DISCARD/
 libc.a(*)
 libm.a(*)
 libgcc.a(*)

.ARM.attributes
                0x00000000       0x30
 *(.ARM.attributes)
 .ARM.attributes
                0x00000000       0x22 C:/ST/STM32CubeIDE_1.16.0/STM32CubeIDE/plugins/com.st.stm32cube.ide.mcu.externaltools.gnu-tools-for-stm32.12.3.rel1.win32_1.0.200.202406191623/tools/bin/../lib/gcc/arm-none-eabi/12.3.1/thumb/v7e-m+fp/hard/crti.o
 .ARM.attributes
                0x00000022       0x34 C:/ST/STM32CubeIDE_1.16.0/STM32CubeIDE/plugins/com.st.stm32cube.ide.mcu.externaltools.gnu-tools-for-stm32.12.3.rel1.win32_1.0.200.202406191623/tools/bin/../lib/gcc/arm-none-eabi/12.3.1/thumb/v7e-m+fp/hard/crtbegin.o
 .ARM.attributes
                0x00000056       0x34 ./Core/Src/main.o
 .ARM.attributes
                0x0000008a       0x34 ./Core/Src/rc522.o
 .ARM.attributes
                0x000000be       0x34 ./Core/Src/stm32f4xx_hal_msp.o
 .ARM.attributes
                0x000000f2       0x34 ./Core/Src/stm32f4xx_it.o
 .ARM.attributes
                0x00000126       0x34 ./Core/Src/system_stm32f4xx.o
 .ARM.attributes
                0x0000015a       0x21 ./Core/Startup/startup_stm32f401retx.o
 .ARM.attributes
                0x0000017b       0x34 ./Drivers/STM32F4xx_HAL_Driver/Src/stm32f4xx_hal.o
 .ARM.attributes
                0x000001af       0x34 ./Drivers/STM32F4xx_HAL_Driver/Src/stm32f4xx_hal_cortex.o
 .ARM.attributes
                0x000001e3       0x34 ./Drivers/STM32F4xx_HAL_Driver/Src/stm32f4xx_hal_gpio.o
 .ARM.attributes
                0x00000217       0x34 ./Drivers/STM32F4xx_HAL_Driver/Src/stm32f4xx_hal_rcc.o
 .ARM.attributes
                0x0000024b       0x34 ./Drivers/STM32F4xx_HAL_Driver/Src/stm32f4xx_hal_spi.o
 .ARM.attributes
                0x0000027f       0x34 ./Drivers/STM32F4xx_HAL_Driver/Src/stm32f4xx_hal_uart.o
 .ARM.attributes
                0x000002b3       0x34 C:/ST/STM32CubeIDE_1.16.0/STM32CubeIDE/plugins/com.st.stm32cube.ide.mcu.externaltools.gnu-tools-for-stm32.12.3.rel1.win32_1.0.200.202406191623/tools/bin/../lib/gcc/arm-none-eabi/12.3.1/../../../../arm-none-eabi/lib/thumb/v7e-m+fp/hard\libc_nano.a(libc_a-memset.o)
 .ARM.attributes
                0x000002e7       0x34 C:/ST/STM32CubeIDE_1.16.0/STM32CubeIDE/plugins/com.st.stm32cube.ide.mcu.externaltools.gnu-tools-for-stm32.12.3.rel1.win32_1.0.200.202406191623/tools/bin/../lib/gcc/arm-none-eabi/12.3.1/../../../../arm-none-eabi/lib/thumb/v7e-m+fp/hard\libc_nano.a(libc_a-init.o)
 .ARM.attributes
                0x0000031b       0x22 C:/ST/STM32CubeIDE_1.16.0/STM32CubeIDE/plugins/com.st.stm32cube.ide.mcu.externaltools.gnu-tools-for-stm32.12.3.rel1.win32_1.0.200.202406191623/tools/bin/../lib/gcc/arm-none-eabi/12.3.1/thumb/v7e-m+fp/hard\libgcc.a(_aeabi_uldivmod.o)
 .ARM.attributes
                0x0000033d       0x34 C:/ST/STM32CubeIDE_1.16.0/STM32CubeIDE/plugins/com.st.stm32cube.ide.mcu.externaltools.gnu-tools-for-stm32.12.3.rel1.win32_1.0.200.202406191623/tools/bin/../lib/gcc/arm-none-eabi/12.3.1/thumb/v7e-m+fp/hard\libgcc.a(_udivmoddi4.o)
 .ARM.attributes
                0x00000371       0x22 C:/ST/STM32CubeIDE_1.16.0/STM32CubeIDE/plugins/com.st.stm32cube.ide.mcu.externaltools.gnu-tools-for-stm32.12.3.rel1.win32_1.0.200.202406191623/tools/bin/../lib/gcc/arm-none-eabi/12.3.1/thumb/v7e-m+fp/hard\libgcc.a(_dvmd_tls.o)
 .ARM.attributes
                0x00000393       0x22 C:/ST/STM32CubeIDE_1.16.0/STM32CubeIDE/plugins/com.st.stm32cube.ide.mcu.externaltools.gnu-tools-for-stm32.12.3.rel1.win32_1.0.200.202406191623/tools/bin/../lib/gcc/arm-none-eabi/12.3.1/thumb/v7e-m+fp/hard/crtn.o
OUTPUT(MFRC522NUCLEOF401RE.elf elf32-littlearm)
LOAD linker stubs
LOAD C:/ST/STM32CubeIDE_1.16.0/STM32CubeIDE/plugins/com.st.stm32cube.ide.mcu.externaltools.gnu-tools-for-stm32.12.3.rel1.win32_1.0.200.202406191623/tools/bin/../lib/gcc/arm-none-eabi/12.3.1/../../../../arm-none-eabi/lib/thumb/v7e-m+fp/hard\libc.a
LOAD C:/ST/STM32CubeIDE_1.16.0/STM32CubeIDE/plugins/com.st.stm32cube.ide.mcu.externaltools.gnu-tools-for-stm32.12.3.rel1.win32_1.0.200.202406191623/tools/bin/../lib/gcc/arm-none-eabi/12.3.1/../../../../arm-none-eabi/lib/thumb/v7e-m+fp/hard\libm.a
LOAD C:/ST/STM32CubeIDE_1.16.0/STM32CubeIDE/plugins/com.st.stm32cube.ide.mcu.externaltools.gnu-tools-for-stm32.12.3.rel1.win32_1.0.200.202406191623/tools/bin/../lib/gcc/arm-none-eabi/12.3.1/thumb/v7e-m+fp/hard\libgcc.a

.debug_info     0x00000000     0x994a
 .debug_info    0x00000000     0x1039 ./Core/Src/main.o
 .debug_info    0x00001039      0xc51 ./Core/Src/rc522.o
 .debug_info    0x00001c8a      0xc1f ./Core/Src/stm32f4xx_hal_msp.o
 .debug_info    0x000028a9      0x112 ./Core/Src/stm32f4xx_it.o
 .debug_info    0x000029bb      0x53e ./Core/Src/system_stm32f4xx.o
 .debug_info    0x00002ef9       0x30 ./Core/Startup/startup_stm32f401retx.o
 .debug_info    0x00002f29      0x8bb ./Drivers/STM32F4xx_HAL_Driver/Src/stm32f4xx_hal.o
 .debug_info    0x000037e4      0xcf6 ./Drivers/STM32F4xx_HAL_Driver/Src/stm32f4xx_hal_cortex.o
 .debug_info    0x000044da      0x6f9 ./Drivers/STM32F4xx_HAL_Driver/Src/stm32f4xx_hal_gpio.o
 .debug_info    0x00004bd3      0x8f1 ./Drivers/STM32F4xx_HAL_Driver/Src/stm32f4xx_hal_rcc.o
 .debug_info    0x000054c4     0x1530 ./Drivers/STM32F4xx_HAL_Driver/Src/stm32f4xx_hal_spi.o
 .debug_info    0x000069f4     0x2f56 ./Drivers/STM32F4xx_HAL_Driver/Src/stm32f4xx_hal_uart.o

.debug_abbrev   0x00000000     0x1893
 .debug_abbrev  0x00000000      0x2fc ./Core/Src/main.o
 .debug_abbrev  0x000002fc      0x2a3 ./Core/Src/rc522.o
 .debug_abbrev  0x0000059f      0x1c1 ./Core/Src/stm32f4xx_hal_msp.o
 .debug_abbrev  0x00000760       0x73 ./Core/Src/stm32f4xx_it.o
 .debug_abbrev  0x000007d3      0x11a ./Core/Src/system_stm32f4xx.o
 .debug_abbrev  0x000008ed       0x24 ./Core/Startup/startup_stm32f401retx.o
 .debug_abbrev  0x00000911      0x24b ./Drivers/STM32F4xx_HAL_Driver/Src/stm32f4xx_hal.o
 .debug_abbrev  0x00000b5c      0x31d ./Drivers/STM32F4xx_HAL_Driver/Src/stm32f4xx_hal_cortex.o
 .debug_abbrev  0x00000e79      0x1d3 ./Drivers/STM32F4xx_HAL_Driver/Src/stm32f4xx_hal_gpio.o
 .debug_abbrev  0x0000104c      0x2b6 ./Drivers/STM32F4xx_HAL_Driver/Src/stm32f4xx_hal_rcc.o
 .debug_abbrev  0x00001302      0x276 ./Drivers/STM32F4xx_HAL_Driver/Src/stm32f4xx_hal_spi.o
 .debug_abbrev  0x00001578      0x31b ./Drivers/STM32F4xx_HAL_Driver/Src/stm32f4xx_hal_uart.o

.debug_aranges  0x00000000      0x8c0
 .debug_aranges
                0x00000000       0x50 ./Core/Src/main.o
 .debug_aranges
                0x00000050       0xa8 ./Core/Src/rc522.o
 .debug_aranges
                0x000000f8       0x40 ./Core/Src/stm32f4xx_hal_msp.o
 .debug_aranges
                0x00000138       0x60 ./Core/Src/stm32f4xx_it.o
 .debug_aranges
                0x00000198       0x28 ./Core/Src/system_stm32f4xx.o
 .debug_aranges
                0x000001c0       0x28 ./Core/Startup/startup_stm32f401retx.o
 .debug_aranges
                0x000001e8       0xf0 ./Drivers/STM32F4xx_HAL_Driver/Src/stm32f4xx_hal.o
 .debug_aranges
                0x000002d8      0x130 ./Drivers/STM32F4xx_HAL_Driver/Src/stm32f4xx_hal_cortex.o
 .debug_aranges
                0x00000408       0x58 ./Drivers/STM32F4xx_HAL_Driver/Src/stm32f4xx_hal_gpio.o
 .debug_aranges
                0x00000460       0x88 ./Drivers/STM32F4xx_HAL_Driver/Src/stm32f4xx_hal_rcc.o
 .debug_aranges
                0x000004e8      0x1d0 ./Drivers/STM32F4xx_HAL_Driver/Src/stm32f4xx_hal_spi.o
 .debug_aranges
                0x000006b8      0x208 ./Drivers/STM32F4xx_HAL_Driver/Src/stm32f4xx_hal_uart.o

.debug_rnglists
                0x00000000      0x6bb
 .debug_rnglists
                0x00000000       0x3b ./Core/Src/main.o
 .debug_rnglists
                0x0000003b       0x7e ./Core/Src/rc522.o
 .debug_rnglists
                0x000000b9       0x2d ./Core/Src/stm32f4xx_hal_msp.o
 .debug_rnglists
                0x000000e6       0x43 ./Core/Src/stm32f4xx_it.o
 .debug_rnglists
                0x00000129       0x1a ./Core/Src/system_stm32f4xx.o
 .debug_rnglists
                0x00000143       0x19 ./Core/Startup/startup_stm32f401retx.o
 .debug_rnglists
                0x0000015c       0xaf ./Drivers/STM32F4xx_HAL_Driver/Src/stm32f4xx_hal.o
 .debug_rnglists
                0x0000020b       0xe0 ./Drivers/STM32F4xx_HAL_Driver/Src/stm32f4xx_hal_cortex.o
 .debug_rnglists
                0x000002eb       0x3f ./Drivers/STM32F4xx_HAL_Driver/Src/stm32f4xx_hal_gpio.o
 .debug_rnglists
                0x0000032a       0x66 ./Drivers/STM32F4xx_HAL_Driver/Src/stm32f4xx_hal_rcc.o
 .debug_rnglists
                0x00000390      0x16f ./Drivers/STM32F4xx_HAL_Driver/Src/stm32f4xx_hal_spi.o
 .debug_rnglists
                0x000004ff      0x1bc ./Drivers/STM32F4xx_HAL_Driver/Src/stm32f4xx_hal_uart.o

.debug_macro    0x00000000    0x1584e
 .debug_macro   0x00000000      0x2aa ./Core/Src/main.o
 .debug_macro   0x000002aa      0xab4 ./Core/Src/main.o
 .debug_macro   0x00000d5e      0x29b ./Core/Src/main.o
 .debug_macro   0x00000ff9       0x2e ./Core/Src/main.o
 .debug_macro   0x00001027       0x28 ./Core/Src/main.o
 .debug_macro   0x0000104f       0x22 ./Core/Src/main.o
 .debug_macro   0x00001071       0x8e ./Core/Src/main.o
 .debug_macro   0x000010ff       0x51 ./Core/Src/main.o
 .debug_macro   0x00001150      0x103 ./Core/Src/main.o
 .debug_macro   0x00001253       0x6a ./Core/Src/main.o
 .debug_macro   0x000012bd      0x1df ./Core/Src/main.o
 .debug_macro   0x0000149c       0x1c ./Core/Src/main.o
 .debug_macro   0x000014b8       0x22 ./Core/Src/main.o
 .debug_macro   0x000014da       0xfb ./Core/Src/main.o
 .debug_macro   0x000015d5     0x1011 ./Core/Src/main.o
 .debug_macro   0x000025e6      0x11f ./Core/Src/main.o
 .debug_macro   0x00002705     0xb86c ./Core/Src/main.o
 .debug_macro   0x0000df71       0x6d ./Core/Src/main.o
 .debug_macro   0x0000dfde     0x369a ./Core/Src/main.o
 .debug_macro   0x00011678      0x189 ./Core/Src/main.o
 .debug_macro   0x00011801       0x5c ./Core/Src/main.o
 .debug_macro   0x0001185d      0x416 ./Core/Src/main.o
 .debug_macro   0x00011c73      0x9e9 ./Core/Src/main.o
 .debug_macro   0x0001265c      0x115 ./Core/Src/main.o
 .debug_macro   0x00012771       0xf8 ./Core/Src/main.o
 .debug_macro   0x00012869       0xa5 ./Core/Src/main.o
 .debug_macro   0x0001290e      0x15f ./Core/Src/main.o
 .debug_macro   0x00012a6d      0x287 ./Core/Src/main.o
 .debug_macro   0x00012cf4       0x5f ./Core/Src/main.o
 .debug_macro   0x00012d53      0x236 ./Core/Src/main.o
 .debug_macro   0x00012f89      0x132 ./Core/Src/main.o
 .debug_macro   0x000130bb      0x264 ./Core/Src/main.o
 .debug_macro   0x0001331f       0x2e ./Core/Src/main.o
 .debug_macro   0x0001334d      0x127 ./Core/Src/main.o
 .debug_macro   0x00013474       0x85 ./Core/Src/main.o
 .debug_macro   0x000134f9       0x89 ./Core/Src/main.o
 .debug_macro   0x00013582      0x225 ./Core/Src/main.o
 .debug_macro   0x000137a7      0x2aa ./Core/Src/main.o
 .debug_macro   0x00013a51      0x126 ./Core/Src/main.o
 .debug_macro   0x00013b77       0x40 ./Core/Src/main.o
 .debug_macro   0x00013bb7      0x23e ./Core/Src/main.o
 .debug_macro   0x00013df5       0x61 ./Core/Src/main.o
 .debug_macro   0x00013e56       0x2a ./Core/Src/main.o
 .debug_macro   0x00013e80       0x43 ./Core/Src/main.o
 .debug_macro   0x00013ec3       0x34 ./Core/Src/main.o
 .debug_macro   0x00013ef7       0x16 ./Core/Src/main.o
 .debug_macro   0x00013f0d       0x43 ./Core/Src/main.o
 .debug_macro   0x00013f50       0x34 ./Core/Src/main.o
 .debug_macro   0x00013f84       0x10 ./Core/Src/main.o
 .debug_macro   0x00013f94       0x58 ./Core/Src/main.o
 .debug_macro   0x00013fec       0x8e ./Core/Src/main.o
 .debug_macro   0x0001407a       0x1c ./Core/Src/main.o
 .debug_macro   0x00014096      0x177 ./Core/Src/main.o
 .debug_macro   0x0001420d      0x369 ./Core/Src/main.o
 .debug_macro   0x00014576       0x10 ./Core/Src/main.o
 .debug_macro   0x00014586       0x35 ./Core/Src/main.o
 .debug_macro   0x000145bb       0x20 ./Core/Src/main.o
 .debug_macro   0x000145db      0x1cd ./Core/Src/rc522.o
 .debug_macro   0x000147a8      0x1d3 ./Core/Src/stm32f4xx_hal_msp.o
 .debug_macro   0x0001497b      0x1dd ./Core/Src/stm32f4xx_it.o
 .debug_macro   0x00014b58      0x1c4 ./Core/Src/system_stm32f4xx.o
 .debug_macro   0x00014d1c      0x224 ./Drivers/STM32F4xx_HAL_Driver/Src/stm32f4xx_hal.o
 .debug_macro   0x00014f40      0x1c4 ./Drivers/STM32F4xx_HAL_Driver/Src/stm32f4xx_hal_cortex.o
 .debug_macro   0x00015104      0x1ca ./Drivers/STM32F4xx_HAL_Driver/Src/stm32f4xx_hal_gpio.o
 .debug_macro   0x000152ce      0x1e8 ./Drivers/STM32F4xx_HAL_Driver/Src/stm32f4xx_hal_rcc.o
 .debug_macro   0x000154b6      0x1d3 ./Drivers/STM32F4xx_HAL_Driver/Src/stm32f4xx_hal_spi.o
 .debug_macro   0x00015689      0x1c5 ./Drivers/STM32F4xx_HAL_Driver/Src/stm32f4xx_hal_uart.o

.debug_line     0x00000000     0xa5c0
 .debug_line    0x00000000      0xb0d ./Core/Src/main.o
 .debug_line    0x00000b0d      0xc30 ./Core/Src/rc522.o
 .debug_line    0x0000173d      0x7d0 ./Core/Src/stm32f4xx_hal_msp.o
 .debug_line    0x00001f0d      0x7f7 ./Core/Src/stm32f4xx_it.o
 .debug_line    0x00002704      0x7b9 ./Core/Src/system_stm32f4xx.o
 .debug_line    0x00002ebd       0x7a ./Core/Startup/startup_stm32f401retx.o
 .debug_line    0x00002f37      0xa22 ./Drivers/STM32F4xx_HAL_Driver/Src/stm32f4xx_hal.o
 .debug_line    0x00003959      0xd14 ./Drivers/STM32F4xx_HAL_Driver/Src/stm32f4xx_hal_cortex.o
 .debug_line    0x0000466d      0xb72 ./Drivers/STM32F4xx_HAL_Driver/Src/stm32f4xx_hal_gpio.o
 .debug_line    0x000051df      0xdad ./Drivers/STM32F4xx_HAL_Driver/Src/stm32f4xx_hal_rcc.o
 .debug_line    0x00005f8c     0x1d40 ./Drivers/STM32F4xx_HAL_Driver/Src/stm32f4xx_hal_spi.o
 .debug_line    0x00007ccc     0x28f4 ./Drivers/STM32F4xx_HAL_Driver/Src/stm32f4xx_hal_uart.o

.debug_str      0x00000000    0x867fd
 .debug_str     0x00000000    0x847a3 ./Core/Src/main.o
                              0x84abf (size before relaxing)
 .debug_str     0x000847a3      0x1cf ./Core/Src/rc522.o
                              0x8151e (size before relaxing)
 .debug_str     0x00084972       0xaa ./Core/Src/stm32f4xx_hal_msp.o
                              0x810cf (size before relaxing)
 .debug_str     0x00084a1c       0xc9 ./Core/Src/stm32f4xx_it.o
                              0x80956 (size before relaxing)
 .debug_str     0x00084ae5       0xdb ./Core/Src/system_stm32f4xx.o
                              0x809b9 (size before relaxing)
 .debug_str     0x00084bc0       0x44 ./Core/Startup/startup_stm32f401retx.o
                                 0x8b (size before relaxing)
 .debug_str     0x00084c04      0x987 ./Drivers/STM32F4xx_HAL_Driver/Src/stm32f4xx_hal.o
                              0x813db (size before relaxing)
 .debug_str     0x0008558b      0x392 ./Drivers/STM32F4xx_HAL_Driver/Src/stm32f4xx_hal_cortex.o
                              0x81145 (size before relaxing)
 .debug_str     0x0008591d      0x121 ./Drivers/STM32F4xx_HAL_Driver/Src/stm32f4xx_hal_gpio.o
                              0x80b34 (size before relaxing)
 .debug_str     0x00085a3e      0x233 ./Drivers/STM32F4xx_HAL_Driver/Src/stm32f4xx_hal_rcc.o
                              0x80ded (size before relaxing)
 .debug_str     0x00085c71      0x584 ./Drivers/STM32F4xx_HAL_Driver/Src/stm32f4xx_hal_spi.o
                              0x81265 (size before relaxing)
 .debug_str     0x000861f5      0x608 ./Drivers/STM32F4xx_HAL_Driver/Src/stm32f4xx_hal_uart.o
                              0x813bc (size before relaxing)

.comment        0x00000000       0x43
 .comment       0x00000000       0x43 ./Core/Src/main.o
                                 0x44 (size before relaxing)
 .comment       0x00000043       0x44 ./Core/Src/rc522.o
 .comment       0x00000043       0x44 ./Core/Src/stm32f4xx_hal_msp.o
 .comment       0x00000043       0x44 ./Core/Src/stm32f4xx_it.o
 .comment       0x00000043       0x44 ./Core/Src/system_stm32f4xx.o
 .comment       0x00000043       0x44 ./Drivers/STM32F4xx_HAL_Driver/Src/stm32f4xx_hal.o
 .comment       0x00000043       0x44 ./Drivers/STM32F4xx_HAL_Driver/Src/stm32f4xx_hal_cortex.o
 .comment       0x00000043       0x44 ./Drivers/STM32F4xx_HAL_Driver/Src/stm32f4xx_hal_gpio.o
 .comment       0x00000043       0x44 ./Drivers/STM32F4xx_HAL_Driver/Src/stm32f4xx_hal_rcc.o
 .comment       0x00000043       0x44 ./Drivers/STM32F4xx_HAL_Driver/Src/stm32f4xx_hal_spi.o
 .comment       0x00000043       0x44 ./Drivers/STM32F4xx_HAL_Driver/Src/stm32f4xx_hal_uart.o

.debug_frame    0x00000000     0x2378
 .debug_frame   0x00000000       0xec ./Core/Src/main.o
 .debug_frame   0x000000ec      0x288 ./Core/Src/rc522.o
 .debug_frame   0x00000374       0xc4 ./Core/Src/stm32f4xx_hal_msp.o
 .debug_frame   0x00000438      0x104 ./Core/Src/stm32f4xx_it.o
 .debug_frame   0x0000053c       0x58 ./Core/Src/system_stm32f4xx.o
 .debug_frame   0x00000594      0x374 ./Drivers/STM32F4xx_HAL_Driver/Src/stm32f4xx_hal.o
 .debug_frame   0x00000908      0x508 ./Drivers/STM32F4xx_HAL_Driver/Src/stm32f4xx_hal_cortex.o
 .debug_frame   0x00000e10      0x14c ./Drivers/STM32F4xx_HAL_Driver/Src/stm32f4xx_hal_gpio.o
 .debug_frame   0x00000f5c      0x1f4 ./Drivers/STM32F4xx_HAL_Driver/Src/stm32f4xx_hal_rcc.o
 .debug_frame   0x00001150      0x828 ./Drivers/STM32F4xx_HAL_Driver/Src/stm32f4xx_hal_spi.o
 .debug_frame   0x00001978      0x954 ./Drivers/STM32F4xx_HAL_Driver/Src/stm32f4xx_hal_uart.o
 .debug_frame   0x000022cc       0x20 C:/ST/STM32CubeIDE_1.16.0/STM32CubeIDE/plugins/com.st.stm32cube.ide.mcu.externaltools.gnu-tools-for-stm32.12.3.rel1.win32_1.0.200.202406191623/tools/bin/../lib/gcc/arm-none-eabi/12.3.1/../../../../arm-none-eabi/lib/thumb/v7e-m+fp/hard\libc_nano.a(libc_a-memset.o)
 .debug_frame   0x000022ec       0x2c C:/ST/STM32CubeIDE_1.16.0/STM32CubeIDE/plugins/com.st.stm32cube.ide.mcu.externaltools.gnu-tools-for-stm32.12.3.rel1.win32_1.0.200.202406191623/tools/bin/../lib/gcc/arm-none-eabi/12.3.1/../../../../arm-none-eabi/lib/thumb/v7e-m+fp/hard\libc_nano.a(libc_a-init.o)
 .debug_frame   0x00002318       0x2c C:/ST/STM32CubeIDE_1.16.0/STM32CubeIDE/plugins/com.st.stm32cube.ide.mcu.externaltools.gnu-tools-for-stm32.12.3.rel1.win32_1.0.200.202406191623/tools/bin/../lib/gcc/arm-none-eabi/12.3.1/thumb/v7e-m+fp/hard\libgcc.a(_aeabi_uldivmod.o)
 .debug_frame   0x00002344       0x34 C:/ST/STM32CubeIDE_1.16.0/STM32CubeIDE/plugins/com.st.stm32cube.ide.mcu.externaltools.gnu-tools-for-stm32.12.3.rel1.win32_1.0.200.202406191623/tools/bin/../lib/gcc/arm-none-eabi/12.3.1/thumb/v7e-m+fp/hard\libgcc.a(_udivmoddi4.o)

.debug_line_str
                0x00000000       0x6f
 .debug_line_str
                0x00000000       0x6f ./Core/Startup/startup_stm32f401retx.o
