../Core/Src/main.c:76:6:decrypt	64	static
../Core/Src/main.c:97:7:convert_to_char_array	24	static
../Core/Src/main.c:117:5:compare	32	static
../Core/Src/main.c:140:6:assign	24	static
../Core/Src/main.c:150:6:insert	40	static
../Core/Src/main.c:185:5:main	120	static,ignoring_inline_asm
../Core/Src/main.c:284:6:SystemClock_Config	88	static
../Core/Src/main.c:331:13:MX_USART1_UART_Init	8	static
../Core/Src/main.c:364:13:MX_USART2_UART_Init	8	static
../Core/Src/main.c:397:13:MX_GPIO_Init	48	static
../Core/Src/main.c:461:6:Error_Handler	4	static,ignoring_inline_asm
